// Jest Snapshot v1, https://goo.gl/fbAQLP

exports[`<EstimatedCasesChart> dataset0 renders correctly 1`] = `
<div
  className="relative h-full"
>
  <div
    className="sc-bczRLJ FSYQs"
  >
    <h3
      className="my-0 pb-4 pr-10 pt-0 text-gray-500"
    >
      Estimated absolute number of cases
       
      on 
      <b>
        2021-12-29
      </b>
    </h3>
    <div
      className="sc-gsnTZi ehOUsR"
    >
      <div
        className="sc-dkzDqf jHWsVm"
      >
        <div
          className="recharts-responsive-container"
          style={
            Object {
              "height": "100%",
              "maxHeight": undefined,
              "minHeight": undefined,
              "minWidth": undefined,
              "width": "100%",
            }
          }
        />
      </div>
      <div
        className="pl-2 pt-3 flex lg:inline flex-row w-full sm:w-auto md:justify-end sm:flex-col sm:pt-0 sm:pl-1 sm:pb-8  md:mt-auto"
      >
        <div
          className="flex flex-col justify-end pr-1 mb-2 overflow-hidden h-full w-auto"
          id="metric-with-tooltip"
        >
          <div
            data-for="metric-tooltip-Est. cases"
            data-tip="The estimated proportion of the variant multiplied with the number of reported cases (smoothed with a 7-days sliding window)"
          >
            <div
              className="flex w-full"
            >
              <div
                className="w-auto grow-0 text-xl sm:text-3xl md:text-5xl"
                style={
                  Object {
                    "color": "#1F407A",
                  }
                }
              >
                NaN
              </div>
              <div
                className="sc-hKMtZM dKrOdR self-end"
              />
            </div>
            <div
              className="flex text-base text-gray-400 h-7 justify-start"
              id="metric-title"
            >
              <p
                className="w-auto overflow-clip"
              >
                Est. cases 
              </p>
              <div
                className="flex items-center pl-1 grow fill-current text-gray-600"
                id="info-wrapper"
              >
                <svg
                  fill="currentColor"
                  height="1em"
                  stroke="currentColor"
                  strokeWidth="0"
                  style={
                    Object {
                      "color": undefined,
                    }
                  }
                  viewBox="0 0 24 24"
                  width="1em"
                  xmlns="http://www.w3.org/2000/svg"
                >
                  <path
                    d="M12 6a3.939 3.939 0 0 0-3.934 3.934h2C10.066 8.867 10.934 8 12 8s1.934.867 1.934 1.934c0 .598-.481 1.032-1.216 1.626a9.208 9.208 0 0 0-.691.599c-.998.997-1.027 2.056-1.027 2.174V15h2l-.001-.633c.001-.016.033-.386.441-.793.15-.15.339-.3.535-.458.779-.631 1.958-1.584 1.958-3.182A3.937 3.937 0 0 0 12 6zm-1 10h2v2h-2z"
                  />
                  <path
                    d="M12 2C6.486 2 2 6.486 2 12s4.486 10 10 10 10-4.486 10-10S17.514 2 12 2zm0 18c-4.411 0-8-3.589-8-8s3.589-8 8-8 8 3.589 8 8-3.589 8-8 8z"
                  />
                </svg>
              </div>
            </div>
          </div>
          <div
            className="__react_component_tooltip t***masked*** place-top type-dark"
            data-id="tooltip"
            id="metric-tooltip-Est. cases"
          >
            <style
              aria-hidden="true"
              dangerouslySetInnerHTML={
                Object {
                  "__html": "
  	.t***masked*** {
	    color: #fff;
	    background: #222;
	    border: 1px solid transparent;
  	}

  	.t***masked***.place-top {
        margin-top: -10px;
    }
    .t***masked***.place-top::before {
        border-top: 8px solid transparent;
    }
    .t***masked***.place-top::after {
        border-left: 8px solid transparent;
        border-right: 8px solid transparent;
        bottom: -6px;
        left: 50%;
        margin-left: -8px;
        border-top-color: #222;
        border-top-style: solid;
        border-top-width: 6px;
    }

    .t***masked***.place-bottom {
        margin-top: 10px;
    }
    .t***masked***.place-bottom::before {
        border-bottom: 8px solid transparent;
    }
    .t***masked***.place-bottom::after {
        border-left: 8px solid transparent;
        border-right: 8px solid transparent;
        top: -6px;
        left: 50%;
        margin-left: -8px;
        border-bottom-color: #222;
        border-bottom-style: solid;
        border-bottom-width: 6px;
    }

    .t***masked***.place-left {
        margin-left: -10px;
    }
    .t***masked***.place-left::before {
        border-left: 8px solid transparent;
    }
    .t***masked***.place-left::after {
        border-top: 5px solid transparent;
        border-bottom: 5px solid transparent;
        right: -6px;
        top: 50%;
        margin-top: -4px;
        border-left-color: #222;
        border-left-style: solid;
        border-left-width: 6px;
    }

    .t***masked***.place-right {
        margin-left: 10px;
    }
    .t***masked***.place-right::before {
        border-right: 8px solid transparent;
    }
    .t***masked***.place-right::after {
        border-top: 5px solid transparent;
        border-bottom: 5px solid transparent;
        left: -6px;
        top: 50%;
        margin-top: -4px;
        border-right-color: #222;
        border-right-style: solid;
        border-right-width: 6px;
    }
  ",
                }
              }
            />
          </div>
        </div>
        <div
          className="flex flex-col justify-end pr-1 mb-2 overflow-hidden h-full w-auto"
          id="metric-with-tooltip"
        >
          <div
            data-for="metric-tooltip-Confidence int."
            data-tip="The 95% confidence interval"
          >
            <div
              className="flex w-full"
            >
              <div
                className="w-auto grow-0 text-xl sm:text-3xl md:text-5xl"
                style={
                  Object {
                    "color": "#7f8c8d",
                  }
                }
              >
                NaN-NaN
              </div>
              <div
                className="sc-hKMtZM dKrOdR self-end"
              />
            </div>
            <div
              className="flex text-base text-gray-400 h-7 justify-start"
              id="metric-title"
            >
              <p
                className="w-auto overflow-clip"
              >
                Confidence int. 
              </p>
              <div
                className="flex items-center pl-1 grow fill-current text-gray-600"
                id="info-wrapper"
              >
                <svg
                  fill="currentColor"
                  height="1em"
                  stroke="currentColor"
                  strokeWidth="0"
                  style={
                    Object {
                      "color": undefined,
                    }
                  }
                  viewBox="0 0 24 24"
                  width="1em"
                  xmlns="http://www.w3.org/2000/svg"
                >
                  <path
                    d="M12 6a3.939 3.939 0 0 0-3.934 3.934h2C10.066 8.867 10.934 8 12 8s1.934.867 1.934 1.934c0 .598-.481 1.032-1.216 1.626a9.208 9.208 0 0 0-.691.599c-.998.997-1.027 2.056-1.027 2.174V15h2l-.001-.633c.001-.016.033-.386.441-.793.15-.15.339-.3.535-.458.779-.631 1.958-1.584 1.958-3.182A3.937 3.937 0 0 0 12 6zm-1 10h2v2h-2z"
                  />
                  <path
                    d="M12 2C6.486 2 2 6.486 2 12s4.486 10 10 10 10-4.486 10-10S17.514 2 12 2zm0 18c-4.411 0-8-3.589-8-8s3.589-8 8-8 8 3.589 8 8-3.589 8-8 8z"
                  />
                </svg>
              </div>
            </div>
          </div>
          <div
            className="__react_component_tooltip t***masked*** place-top type-dark"
            data-id="tooltip"
            id="metric-tooltip-Confidence int."
          >
            <style
              aria-hidden="true"
              dangerouslySetInnerHTML={
                Object {
                  "__html": "
  	.t***masked*** {
	    color: #fff;
	    background: #222;
	    border: 1px solid transparent;
  	}

  	.t***masked***.place-top {
        margin-top: -10px;
    }
    .t***masked***.place-top::before {
        border-top: 8px solid transparent;
    }
    .t***masked***.place-top::after {
        border-left: 8px solid transparent;
        border-right: 8px solid transparent;
        bottom: -6px;
        left: 50%;
        margin-left: -8px;
        border-top-color: #222;
        border-top-style: solid;
        border-top-width: 6px;
    }

    .t***masked***.place-bottom {
        margin-top: 10px;
    }
    .t***masked***.place-bottom::before {
        border-bottom: 8px solid transparent;
    }
    .t***masked***.place-bottom::after {
        border-left: 8px solid transparent;
        border-right: 8px solid transparent;
        top: -6px;
        left: 50%;
        margin-left: -8px;
        border-bottom-color: #222;
        border-bottom-style: solid;
        border-bottom-width: 6px;
    }

    .t***masked***.place-left {
        margin-left: -10px;
    }
    .t***masked***.place-left::before {
        border-left: 8px solid transparent;
    }
    .t***masked***.place-left::after {
        border-top: 5px solid transparent;
        border-bottom: 5px solid transparent;
        right: -6px;
        top: 50%;
        margin-top: -4px;
        border-left-color: #222;
        border-left-style: solid;
        border-left-width: 6px;
    }

    .t***masked***.place-right {
        margin-left: 10px;
    }
    .t***masked***.place-right::before {
        border-right: 8px solid transparent;
    }
    .t***masked***.place-right::after {
        border-top: 5px solid transparent;
        border-bottom: 5px solid transparent;
        left: -6px;
        top: 50%;
        margin-top: -4px;
        border-right-color: #222;
        border-right-style: solid;
        border-right-width: 6px;
    }
  ",
                }
              }
            />
          </div>
        </div>
      </div>
    </div>
  </div>
</div>
`;
